.next/types/validator.ts(51,39): error TS2307: Cannot find module '../../app/debug/page.js' or its corresponding type declarations.
components/governance/DistributionCharts.tsx(155,21): error TS18048: 'percent' is possibly 'undefined'.
components/governance/DistributionCharts.tsx(155,61): error TS18048: 'percent' is possibly 'undefined'.
